Router>en
Router#config t
Enter configuration commands, one per line.  End with CNTL/Z.
Router(config)#router ospf 10
Router(config-router)#router-id 1.1.1.1
Router(config-router)#network 200.168.100.0
% Incomplete command.
Router(config-router)#network 200.168.100.0 0.0.0.255 area 0
Router(config-router)#network 172.16.100.128 0.0.255.255 area 0
Router(config-router)#network 172.16.101.192 0.0.255.255 area 0
Router(config-router)#ex
Router(config)#ex
Router#
%SYS-5-CONFIG_I: Configured from console by console
wr
Building configuration...
[OK]

==============================================================
Wildcard Mask can be comparison/Missing of Subnet bit from 255
e.g.:   Subnet:  255.255.255.  0
	Wildcard:  0.  0.  0.255